_____________________________________________________________________________
FR Family SOFTUNE Assembler V60L09            2011-08-21 18:19:23   Page:   1
- ASSEMBLE INFORMATION - ( dux_adc )

|             Command line         :  C:\Softune6\bin\fasm911s -f C:\DOKUME |
|                                     ~1\ADMINI~1\LOKALE~1\Temp\fcc518_2\fc |
|                                     c518_3.opt -o Y:\FlexRayDriver\Fujits |
|                                     u_MB91F465X\flexray_startup\Debug\OBJ |
|                                     \dux_adc.obj Y:\FlexRayDriver\Fujitsu |
|                                     _MB91F465X\flexray_startup\Debug\LST\ |
|                                     dux_adc.asm                           |
|                                                                           |
|             Total errors         :    0                                   |
|             Total warnings       :    0                                   |
|                                       There were no errors.               |
|                                                                           |
|             Object file          :  Y:\FlexRayDriver\Fujitsu_MB91F465X\fl |
|                                     exray_startup\Debug\OBJ\dux_adc.obj   |
|             List file            :  dux_adc.lst                           |
|                                                                           |
|                                                                           |
| NO NEST     SOURCE-FILE-NAME                     CREATE DATE/TIME         |
| -- -------- ------------------------------------ ------------------------ |
|  0          Y:\FlexRayDriver\Fujitsu_MB91F465X\f 2011-08-21 18:19:24      |
|             lexray_startup\Debug\LST\dux_adc.asm                          |
| -- -------- ------------------------------------ ------------------------ |
|                                                                           |
|                                                                           |
|             Current path         :  Y:\FlexRayDriver\Fujitsu_MB91F465X\fl |
|                                     exray_startup                         |
|             Include path         :  INC911     = C:\Softune6\LIB\911\INCL |
|                                                  UDE\                     |
|             Work file path       :  TMP        =                          |
|             Default Option file  :  OPT911     = C:\Softune6\LIB\911\ (fa |
|                                                  sm911.opt)               |
|                                                                           |
|                                                                           |
| NO NEST     OPTION-FILE-NAME                     CREATE DATE/TIME         |
| -- -------- ------------------------------------ ------------------------ |
|  0          C:\Softune6\LIB\911\fasm911.opt      2001-11-19 21:10:00      |
|             ------------------------------------                          |
|             # FR Family Softune Assembler Defaul                          |
|             t Option File                                                 |
| -- -------- ------------------------------------ ------------------------ |
|  1          C:\DOKUME~1\ADMINI~1\LOKALE~1\Temp\f 2011-08-21 18:19:23      |
|             cc518_2\fcc518_3.opt                                          |
|             ------------------------------------                          |
|             "-g"                                                          |
|             "-cpu"                                                        |
|             "MB91F465X"                                                   |
|             "-XUDSW"                                                      |
|             "-lf"                                                         |
|             "dux_adc.lst"                                                 |
| -- -------- ------------------------------------ ------------------------ |
|___________________________________________________________________________|


_____________________________________________________________________________
FR Family SOFTUNE Assembler V60L09            2011-08-21 18:19:23   Page:   2
- SOURCE LISTING - ( dux_adc )

SN LOC      OBJ                           LLINE           SOURCE

<Y:\FlexRayDriver\Fujitsu_MB91F465X\flexr
ay_startup\Debug\LST\dux_adc.asm>         ==========
                                                   1      //                                      F
                                                          R Family SOFTUNE cpcom V65L06
MODULE NAME = dux_adc                              2              .program        "dux_adc"
                                                   3              .library        "lib911.lib"
                                                   4              ._LANGUAGE      C_FR20, N, U, F
                                                   5              ._FILE  "Y:\FlexRayDriver\Fujitsu
                                                          _MB91F465X\flexray_startup\src\dux_adc.c"
                                                          , 0
                                                   6              ._FILE  "Y:\FlexRayDriver\Fujitsu
                                                          _MB91F465X\flexray_startup\src\..\IO_MB91
                                                          465X_V01L03\mb91f465x.h", 1
                                                   7              ._FILE  "Y:\FlexRayDriver\Fujitsu
                                                          _MB91F465X\flexray_startup\src\..\IO_MB91
                                                          465X_V01L03\_fr.h", 2
                                                   8              ._FILE  "Y:\FlexRayDriver\Fujitsu
                                                          _MB91F465X\flexray_startup\src\..\h_file\
                                                          FLX_regist_defines.h", 3
                                                   9              ._FILE  "Y:\FlexRayDriver\Fujitsu
                                                          _MB91F465X\flexray_startup\src\..\h_file\
                                                          dux_adc.h", 4
                                                  10              ._FILE  "Y:\FlexRayDriver\Fujitsu
                                                          _MB91F465X\flexray_startup\src\..\h_file\
                                                          ..\h_file\dux_platform_types.h", 5
                                                  11              ._BTYPE 0x80000001, 1
                                                  12              ._BTYPE 0x80000002, 1
                                                  13              ._BTYPE 0x80000003, 2
                                                  14              ._BTYPE 0x80000004, 2
                                                  15              ._BTYPE 0x80000005, 4
                                                  16              ._BTYPE 0x80000006, 4
                                                  17              ._BTYPE 0x80000007, 4
                                                  18              ._BTYPE 0x80000008, 4
                                                  19              ._BTYPE 0x80000009, 1
                                                  20              ._BTYPE 0x8000000a, 2
                                                  21              ._BTYPE 0x8000000b, 4
                                                  22              ._BTYPE 0x8000000c, 8
                                                  23              ._BTYPE 0x8000000d, 8
                                                  24              ._BTYPE 0x8000000e, 1
                                                  25              ._BTYPE 0x8000000f, 0
                                                  26              ._BTYPE 0x80000010, 8
                                                  27              ._BTYPE 0x80000011, 8
                                                  28              .global _IO_PDR14
                                                  29              .global _IO_PDR15
                                                  30              .global _IO_PDR16
                                                  31              .global _IO_PDR17
                                                  32              .global _IO_PDR18
                                                  33              .global _IO_PDR19
                                                  34              .global _IO_PDR22
                                                  35              .global _IO_PDR23
                                                  36              .global _IO_PDR24
                                                  37              .global _IO_PDR27
                                                  38              .global _IO_PDR28
                                                  39              .global _IO_PDR29
_____________________________________________________________________________
FR Family SOFTUNE Assembler V60L09            2011-08-21 18:19:23   Page:   3
- SOURCE LISTING - ( dux_adc )

SN LOC      OBJ                           LLINE           SOURCE

                                                  40              .global _IO_PDR31
                                                  41              .global _IO_EIRR0
                                                  42              .global _IO_ENIR0
                                                  43              .global _IO_ELVR0
                                                  44              .global _IO_EIRR1
                                                  45              .global _IO_ENIR1
                                                  46              .global _IO_ELVR1
                                                  47              .global _IO_DICR
                                                  48              .global _IO_HRCL
                                                  49              .global _IO_RBSYNC
                                                  50              .global _IO_SCR04
                                                  51              .global _IO_SMR04
                                                  52              .global _IO_SSR04
                                                  53              .global _IO_RDR04
                                                  54              .global _IO_ESCR04
                                                  55              .global _IO_ECCR04
                                                  56              .global _IO_FSR04
                                                  57              .global _IO_FCR04
                                                  58              .global _IO_SCR06
                                                  59              .global _IO_SMR06
                                                  60              .global _IO_SSR06
                                                  61              .global _IO_RDR06
                                                  62              .global _IO_ESCR06
                                                  63              .global _IO_ECCR06
                                                  64              .global _IO_FSR06
                                                  65              .global _IO_FCR06
                                                  66              .global _IO_SCR07
                                                  67              .global _IO_SMR07
                                                  68              .global _IO_SSR07
                                                  69              .global _IO_RDR07
                                                  70              .global _IO_ESCR07
                                                  71              .global _IO_ECCR07
                                                  72              .global _IO_FSR07
                                                  73              .global _IO_FCR07
                                                  74              .global _IO_BGR04
                                                  75              .global _IO_BGR06
                                                  76              .global _IO_BGR07
                                                  77              .global _IO_IIC0
                                                  78              .global _IO_GCN10
                                                  79              .global _IO_GCN20
                                                  80              .global _IO_GCN11
                                                  81              .global _IO_GCN21
                                                  82              .global _IO_GCN12
                                                  83              .global _IO_GCN22
                                                  84              .global _IO_PTMR00
                                                  85              .global _IO_PCSR00
                                                  86              .global _IO_PDUT00
                                                  87              .global _IO_PCN00
                                                  88              .global _IO_PTMR01
                                                  89              .global _IO_PCSR01
                                                  90              .global _IO_PDUT01
                                                  91              .global _IO_PCN01
                                                  92              .global _IO_PTMR02
                                                  93              .global _IO_PCSR02
_____________________________________________________________________________
FR Family SOFTUNE Assembler V60L09            2011-08-21 18:19:23   Page:   4
- SOURCE LISTING - ( dux_adc )

SN LOC      OBJ                           LLINE           SOURCE

                                                  94              .global _IO_PDUT02
                                                  95              .global _IO_PCN02
                                                  96              .global _IO_PTMR03
                                                  97              .global _IO_PCSR03
                                                  98              .global _IO_PDUT03
                                                  99              .global _IO_PCN03
                                                 100              .global _IO_PTMR04
                                                 101              .global _IO_PCSR04
                                                 102              .global _IO_PDUT04
                                                 103              .global _IO_PCN04
                                                 104              .global _IO_PTMR05
                                                 105              .global _IO_PCSR05
                                                 106              .global _IO_PDUT05
                                                 107              .global _IO_PCN05
                                                 108              .global _IO_PTMR06
                                                 109              .global _IO_PCSR06
                                                 110              .global _IO_PDUT06
                                                 111              .global _IO_PCN06
                                                 112              .global _IO_PTMR07
                                                 113              .global _IO_PCSR07
                                                 114              .global _IO_PDUT07
                                                 115              .global _IO_PCN07
                                                 116              .global _IO_PTMR08
                                                 117              .global _IO_PCSR08
                                                 118              .global _IO_PDUT08
                                                 119              .global _IO_PCN08
                                                 120              .global _IO_PTMR09
                                                 121              .global _IO_PCSR09
                                                 122              .global _IO_PDUT09
                                                 123              .global _IO_PCN09
                                                 124              .global _IO_PTMR10
                                                 125              .global _IO_PCSR10
                                                 126              .global _IO_PDUT10
                                                 127              .global _IO_PCN10
                                                 128              .global _IO_PTMR11
                                                 129              .global _IO_PCSR11
                                                 130              .global _IO_PDUT11
                                                 131              .global _IO_PCN11
                                                 132              .global _IO_ICS01
                                                 133              .global _IO_ICS23
                                                 134              .global _IO_IPCP0
                                                 135              .global _IO_IPCP1
                                                 136              .global _IO_IPCP2
                                                 137              .global _IO_IPCP3
                                                 138              .global _IO_OCS01
                                                 139              .global _IO_OCS23
                                                 140              .global _IO_OCCP0
                                                 141              .global _IO_OCCP1
                                                 142              .global _IO_OCCP2
                                                 143              .global _IO_OCCP3
                                                 144              .global _IO_AD
                                                 145              .global _IO_TMRLR0
                                                 146              .global _IO_TMR0
                                                 147              .global _IO_TMCSR0
_____________________________________________________________________________
FR Family SOFTUNE Assembler V60L09            2011-08-21 18:19:23   Page:   5
- SOURCE LISTING - ( dux_adc )

SN LOC      OBJ                           LLINE           SOURCE

                                                 148              .global _IO_TMRLR1
                                                 149              .global _IO_TMR1
                                                 150              .global _IO_TMCSR1
                                                 151              .global _IO_TMRLR2
                                                 152              .global _IO_TMR2
                                                 153              .global _IO_TMCSR2
                                                 154              .global _IO_TMRLR3
                                                 155              .global _IO_TMR3
                                                 156              .global _IO_TMCSR3
                                                 157              .global _IO_TMRLR4
                                                 158              .global _IO_TMR4
                                                 159              .global _IO_TMCSR4
                                                 160              .global _IO_TMRLR5
                                                 161              .global _IO_TMR5
                                                 162              .global _IO_TMCSR5
                                                 163              .global _IO_TMRLR6
                                                 164              .global _IO_TMR6
                                                 165              .global _IO_TMCSR6
                                                 166              .global _IO_TMRLR7
                                                 167              .global _IO_TMR7
                                                 168              .global _IO_TMCSR7
                                                 169              .global _IO_TCDT0
                                                 170              .global _IO_TCCS0
                                                 171              .global _IO_TCDT1
                                                 172              .global _IO_TCCS1
                                                 173              .global _IO_TCDT2
                                                 174              .global _IO_TCCS2
                                                 175              .global _IO_TCDT3
                                                 176              .global _IO_TCCS3
                                                 177              .global _IO_DMACA0
                                                 178              .global _IO_DMACB0
                                                 179              .global _IO_DMACA1
                                                 180              .global _IO_DMACB1
                                                 181              .global _IO_DMACA2
                                                 182              .global _IO_DMACB2
                                                 183              .global _IO_DMACA3
                                                 184              .global _IO_DMACB3
                                                 185              .global _IO_DMACA4
                                                 186              .global _IO_DMACB4
                                                 187              .global _IO_DMACR
                                                 188              .global _IO_ICS45
                                                 189              .global _IO_ICS67
                                                 190              .global _IO_IPCP4
                                                 191              .global _IO_IPCP5
                                                 192              .global _IO_IPCP6
                                                 193              .global _IO_IPCP7
                                                 194              .global _IO_OCS45
                                                 195              .global _IO_OCCP4
                                                 196              .global _IO_OCCP5
                                                 197              .global _IO_TCDT4
                                                 198              .global _IO_TCCS4
                                                 199              .global _IO_TCDT5
                                                 200              .global _IO_TCCS5
                                                 201              .global _IO_TCDT6
_____________________________________________________________________________
FR Family SOFTUNE Assembler V60L09            2011-08-21 18:19:23   Page:   6
- SOURCE LISTING - ( dux_adc )

SN LOC      OBJ                           LLINE           SOURCE

                                                 202              .global _IO_TCCS6
                                                 203              .global _IO_TCDT7
                                                 204              .global _IO_TCCS7
                                                 205              .global _IO_ROMS
                                                 206              .global _IO_BSD0
                                                 207              .global _IO_BSD1
                                                 208              .global _IO_BSDC
                                                 209              .global _IO_BSRR
                                                 210              .global _IO_ICR
                                                 211              .global _IO_CLK
                                                 212              .global _IO_PLL
                                                 213              .global _IO_OSCC1
                                                 214              .global _IO_OSCS1
                                                 215              .global _IO_OSCC2
                                                 216              .global _IO_OSCS2
                                                 217              .global _IO_PORTEN
                                                 218              .global _IO_WT
                                                 219              .global _IO_CSS
                                                 220              .global _IO_CUSO
                                                 221              .global _IO_CM
                                                 222              .global _IO_CANPRE
                                                 223              .global _IO_CANCKD
                                                 224              .global _IO_LVD
                                                 225              .global _IO_OST
                                                 226              .global _IO_OSC
                                                 227              .global _IO_PLL2
                                                 228              .global _IO_IOS
                                                 229              .global _IO_PORT2
                                                 230              .global _IO_DMAD
                                                 231              .global _IO_FMCS
                                                 232              .global _IO_FMCR
                                                 233              .global _IO_FCHCR
                                                 234              .global _IO_FMWT
                                                 235              .global _IO_FMWT2
                                                 236              .global _IO_FMPS
                                                 237              .global _IO_FMAC
                                                 238              .global _IO_CAN0
                                                 239              .global _IO_CAN4
                                                 240              .global _IO_FxR_CIF
                                                 241              .global _IO_FxR_GIF1
                                                 242              .global _IO_FxR_INT
                                                 243              .global _IO_FxR_SUC1
                                                 244              .global _IO_FxR_NEMC
                                                 245              .global _IO_FxR_PRT
                                                 246              .global _IO_FxR_MHDC
                                                 247              .global _IO_FxR_GTU1
                                                 248              .global _IO_FxR_SUC2
                                                 249              .global _IO_FxR_GTU2
                                                 250              .global _IO_FxR_NMV
                                                 251              .global _IO_FxR_MHD
                                                 252              .global _IO_FxR_GIF2
                                                 253              .global _IO_FxR_WRDS
                                                 254              .global _IO_FxR_IBF
                                                 255              .global _IO_FxR_RDDS
_____________________________________________________________________________
FR Family SOFTUNE Assembler V60L09            2011-08-21 18:19:23   Page:   7
- SOURCE LISTING - ( dux_adc )

SN LOC      OBJ                           LLINE           SOURCE

                                                 256              .global _IO_FxR_OBF
CO 00000000 -----------<CODE>------------        257              .section        CODE, CODE, align
                                                          =2
                                                 258              .global _DUXAdcInit
                                                 259              ._SYMBOL        "DUXAdcInit", F,
                                                          0x8000000f, E, "_DUXAdcInit", F
                                                 260              ._FPARAM        S, 0, F
                                                 261              ._FPARAM        E
                                                 262              ._CONFIG        S, F, 1
                                                 263              ._LINE  0, 39
CO 00000000                                      264      _DUXAdcInit:
CO 00000000                                      265      L_20:
CO 00000000 1781                                 266              ST      RP,@-SP
CO 00000002 0F01                                 267              ENTER   #4
                                                 268      ;-------end_of_no_optimize_block
                                                 269              ._FUNCTION      "fp", "fp", 16
                                                 270              ._CONFIG        S, B
CO 00000004                                      271      L_21:                           // Pred:
                                                          L_20
                                                 272              ._LINE  0, 40
CO 00000004 9B000000                  I          273              LDI:20  #_IO_ICR+59,R0
CO 00000008 C1A1                                 274              LDI     #26,R1
CO 0000000A 1601                                 275              STB     R1,@R0
                                                 276              ._LINE  0, 42
CO 0000000C 9B000000                  I          277              LDI:20  #_IO_PORTEN,R0
                                                 278   x          BOR     #0x1,@R0
CO 00000010 9010                                       O  "BORL"
                                                 279              ._LINE  0, 43
CO 00000012 9B000000                  I          280              LDI:20  #_IO_AD+2,R0
                                                 281   x          BOR     #0x2,@R0
CO 00000016 9020                                       O  "BORL"
                                                 282              ._LINE  0, 44
                                                 283   x          BOR     #0x4,@R0
CO 00000018 9040                                       O  "BORL"
                                                 284              ._LINE  0, 46
CO 0000001A 9B000000                  I          285              LDI:20  #_IO_AD+10,R0
CO 0000001E C091                                 286              LDI     #9,R1
CO 00000020 1601                                 287              STB     R1,@R0  ; _IO_AD
                                                 288              ._LINE  0, 47
CO 00000022 9B000000                  I          289              LDI:20  #_IO_AD+11,R0
CO 00000026 C0A1                                 290              LDI     #10,R1
CO 00000028 1601                                 291              STB     R1,@R0  ; _IO_AD
                                                 292              ._LINE  0, 50
CO 0000002A 9B020000                  I          293              LDI:20  #_IO_AD+8,R2
CO 0000002E 0621                                 294              LDUB    @R2,R1  ; _IO_AD
CO 00000030 C030                                 295              LDI     #3,R0
CO 00000032 8201                                 296              AND     R0,R1
CO 00000034 C100                                 297              LDI     #16,R0
CO 00000036 9201                                 298              OR      R0,R1
CO 00000038 1621                                 299              STB     R1,@R2  ; _IO_AD
                                                 300              ._LINE  0, 53
CO 0000003A 0521                                 301              LDUH    @R2,R1  ; _IO_AD
CO 0000003C 9F80FFFFFC00                         302              LDI     #-1024,R0
CO 00000042 8201                                 303              AND     R0,R1
_____________________________________________________________________________
FR Family SOFTUNE Assembler V60L09            2011-08-21 18:19:23   Page:   8
- SOURCE LISTING - ( dux_adc )

SN LOC      OBJ                           LLINE           SOURCE

CO 00000044 C280                                 304              LDI     #40,R0
CO 00000046 9201                                 305              OR      R0,R1
CO 00000048 1521                                 306              STH     R1,@R2  ; _IO_AD
                                                 307              ._LINE  0, 55
CO 0000004A 9B030000                  I          308              LDI:20  #_IO_AD+4,R3
CO 0000004E C200                                 309              LDI     #32,R0
CO 00000050 1630                                 310              STB     R0,@R3  ; _IO_AD
                                                 311              ._LINE  0, 67
CO 00000052 9B010000                  I          312              LDI:20  #_IO_AD+5,R1
CO 00000056 CE00                                 313              LDI     #224,R0
CO 00000058 1610                                 314              STB     R0,@R1  ; _IO_AD
                                                 315              ._LINE  0, 80
                                                 316   x          BOR     #0x2,@R3
CO 0000005A 9023                                       O  "BORL"
CO 0000005C                                      317      L_22:                           // Pred:
                                                          L_21
                                                 318              ._LINE  0, 80
                                                 319              ._CONFIG        E
                                                 320              ._LINE  0, 81
CO 0000005C 9F90                                 321              LEAVE
CO 0000005E 0781                                 322              LD      @SP+,RP
CO 00000060 9720                                 323              RET
                                                 324              ._CONFIG        E
            ==                                   325              .end
_____________________________________________________________________________
FR Family SOFTUNE Assembler V60L09            2011-08-21 18:19:23   Page:   9
- SECTION LISTING - ( dux_adc )

   NO SECTION-NAME                        SIZE   ATTRIBUTES

    0 CODE . . . . . . . . . . . . . .  00000062 CODE    REL ALIGN=2
