_____________________________________________________________________________
FR Family SOFTUNE Assembler V60L09            2011-08-21 18:19:21   Page:   1
- ASSEMBLE INFORMATION - ( dux_uart )

|             Command line         :  C:\Softune6\bin\fasm911s -f C:\DOKUME |
|                                     ~1\ADMINI~1\LOKALE~1\Temp\fcc254_2\fc |
|                                     c254_3.opt -o Y:\FlexRayDriver\Fujits |
|                                     u_MB91F465X\flexray_startup\Debug\OBJ |
|                                     \dux_uart.obj Y:\FlexRayDriver\Fujits |
|                                     u_MB91F465X\flexray_startup\Debug\LST |
|                                     \dux_uart.asm                         |
|                                                                           |
|             Total errors         :    0                                   |
|             Total warnings       :    0                                   |
|                                       There were no errors.               |
|                                                                           |
|             Object file          :  Y:\FlexRayDriver\Fujitsu_MB91F465X\fl |
|                                     exray_startup\Debug\OBJ\dux_uart.obj  |
|             List file            :  dux_uart.lst                          |
|                                                                           |
|                                                                           |
| NO NEST     SOURCE-FILE-NAME                     CREATE DATE/TIME         |
| -- -------- ------------------------------------ ------------------------ |
|  0          Y:\FlexRayDriver\Fujitsu_MB91F465X\f 2011-08-21 18:19:22      |
|             lexray_startup\Debug\LST\dux_uart.as                          |
|             m                                                             |
| -- -------- ------------------------------------ ------------------------ |
|                                                                           |
|                                                                           |
|             Current path         :  Y:\FlexRayDriver\Fujitsu_MB91F465X\fl |
|                                     exray_startup                         |
|             Include path         :  INC911     = C:\Softune6\LIB\911\INCL |
|                                                  UDE\                     |
|             Work file path       :  TMP        =                          |
|             Default Option file  :  OPT911     = C:\Softune6\LIB\911\ (fa |
|                                                  sm911.opt)               |
|                                                                           |
|                                                                           |
| NO NEST     OPTION-FILE-NAME                     CREATE DATE/TIME         |
| -- -------- ------------------------------------ ------------------------ |
|  0          C:\Softune6\LIB\911\fasm911.opt      2001-11-19 21:10:00      |
|             ------------------------------------                          |
|             # FR Family Softune Assembler Defaul                          |
|             t Option File                                                 |
| -- -------- ------------------------------------ ------------------------ |
|  1          C:\DOKUME~1\ADMINI~1\LOKALE~1\Temp\f 2011-08-21 18:19:21      |
|             cc254_2\fcc254_3.opt                                          |
|             ------------------------------------                          |
|             "-g"                                                          |
|             "-cpu"                                                        |
|             "MB91F465X"                                                   |
|             "-XUDSW"                                                      |
|             "-lf"                                                         |
|             "dux_uart.lst"                                                |
| -- -------- ------------------------------------ ------------------------ |
|___________________________________________________________________________|


_____________________________________________________________________________
FR Family SOFTUNE Assembler V60L09            2011-08-21 18:19:21   Page:   2
- SOURCE LISTING - ( dux_uart )

SN LOC      OBJ                           LLINE           SOURCE

<Y:\FlexRayDriver\Fujitsu_MB91F465X\flexr
ay_startup\Debug\LST\dux_uart.asm>        ==========
                                                   1      //                                      F
                                                          R Family SOFTUNE cpcom V65L06
MODULE NAME = dux_uart                             2              .program        "dux_uart"
                                                   3              .library        "lib911.lib"
                                                   4              ._LANGUAGE      C_FR20, N, U, F
                                                   5              ._FILE  "Y:\FlexRayDriver\Fujitsu
                                                          _MB91F465X\flexray_startup\src\dux_uart.c
                                                          ", 0
                                                   6              ._FILE  "C:\Softune6\LIB\911\INCL
                                                          UDE\string.h", 1
                                                   7              ._FILE  "C:\Softune6\LIB\911\INCL
                                                          UDE\stdarg.h", 2
                                                   8              ._FILE  "C:\Softune6\LIB\911\INCL
                                                          UDE\stddef.h", 3
                                                   9              ._FILE  "C:\Softune6\LIB\911\INCL
                                                          UDE\stdio.h", 4
                                                  10              ._FILE  "Y:\FlexRayDriver\Fujitsu
                                                          _MB91F465X\flexray_startup\src\..\h_file\
                                                          ..\IO_MB91465X_V01L03\_fr.h", 5
                                                  11              ._FILE  "Y:\FlexRayDriver\Fujitsu
                                                          _MB91F465X\flexray_startup\src\..\h_file\
                                                          dux_watchdog.h", 6
                                                  12              ._FILE  "Y:\FlexRayDriver\Fujitsu
                                                          _MB91F465X\flexray_startup\src\..\IO_MB91
                                                          465X_V01L03\mb91f465x.h", 7
                                                  13              ._FILE  "Y:\FlexRayDriver\Fujitsu
                                                          _MB91F465X\flexray_startup\src\..\IO_MB91
                                                          465X_V01L03\_fr.h", 8
                                                  14              ._FILE  "Y:\FlexRayDriver\Fujitsu
                                                          _MB91F465X\flexray_startup\src\..\h_file\
                                                          FLX_regist_defines.h", 9
                                                  15              ._FILE  "Y:\FlexRayDriver\Fujitsu
                                                          _MB91F465X\flexray_startup\src\..\h_file\
                                                          ..\h_file\dux_platform_types.h", 10
                                                  16              ._FILE  "Y:\FlexRayDriver\Fujitsu
                                                          _MB91F465X\flexray_startup\src\..\h_file\
                                                          dux_uart.h", 11
                                                  17              ._BTYPE 0x80000001, 1
                                                  18              ._BTYPE 0x80000002, 1
                                                  19              ._BTYPE 0x80000003, 2
                                                  20              ._BTYPE 0x80000004, 2
                                                  21              ._BTYPE 0x80000005, 4
                                                  22              ._BTYPE 0x80000006, 4
                                                  23              ._BTYPE 0x80000007, 4
                                                  24              ._BTYPE 0x80000008, 4
                                                  25              ._BTYPE 0x80000009, 1
                                                  26              ._BTYPE 0x8000000a, 2
                                                  27              ._BTYPE 0x8000000b, 4
                                                  28              ._BTYPE 0x8000000c, 8
                                                  29              ._BTYPE 0x8000000d, 8
                                                  30              ._BTYPE 0x8000000e, 1
                                                  31              ._BTYPE 0x8000000f, 0
_____________________________________________________________________________
FR Family SOFTUNE Assembler V60L09            2011-08-21 18:19:21   Page:   3
- SOURCE LISTING - ( dux_uart )

SN LOC      OBJ                           LLINE           SOURCE

                                                  32              ._BTYPE 0x80000010, 8
                                                  33              ._BTYPE 0x80000011, 8
                                                  34              ._SYMBOL        "uint8", Y, 0x800
                                                          00002
                                                  35              ._SYMBOL        "va_list", Y, 0x8
                                                          000000e
                                                  36              ._POINTER       1
                                                  37              .global _IO_PDR14
                                                  38              .global _IO_PDR15
                                                  39              .global _IO_PDR16
                                                  40              .global _IO_PDR17
                                                  41              .global _IO_PDR18
                                                  42              .global _IO_PDR19
                                                  43              .global _IO_PDR22
                                                  44              .global _IO_PDR23
                                                  45              .global _IO_PDR24
                                                  46              .global _IO_PDR27
                                                  47              .global _IO_PDR28
                                                  48              .global _IO_PDR29
                                                  49              .global _IO_PDR31
                                                  50              .global _IO_EIRR0
                                                  51              .global _IO_ENIR0
                                                  52              .global _IO_ELVR0
                                                  53              .global _IO_EIRR1
                                                  54              .global _IO_ENIR1
                                                  55              .global _IO_ELVR1
                                                  56              .global _IO_DICR
                                                  57              .global _IO_HRCL
                                                  58              .global _IO_RBSYNC
                                                  59              .global _IO_SCR04
                                                  60              .global _IO_SMR04
                                                  61              .global _IO_SSR04
                                                  62              .global _IO_RDR04
                                                  63              .global _IO_ESCR04
                                                  64              .global _IO_ECCR04
                                                  65              .global _IO_FSR04
                                                  66              .global _IO_FCR04
                                                  67              .global _IO_SCR06
                                                  68              .global _IO_SMR06
                                                  69              .global _IO_SSR06
                                                  70              .global _IO_RDR06
                                                  71              .global _IO_ESCR06
                                                  72              .global _IO_ECCR06
                                                  73              .global _IO_FSR06
                                                  74              .global _IO_FCR06
                                                  75              .global _IO_SCR07
                                                  76              .global _IO_SMR07
                                                  77              .global _IO_SSR07
                                                  78              .global _IO_RDR07
                                                  79              .global _IO_ESCR07
                                                  80              .global _IO_ECCR07
                                                  81              .global _IO_FSR07
                                                  82              .global _IO_FCR07
                                                  83              .global _IO_BGR04
_____________________________________________________________________________
FR Family SOFTUNE Assembler V60L09            2011-08-21 18:19:21   Page:   4
- SOURCE LISTING - ( dux_uart )

SN LOC      OBJ                           LLINE           SOURCE

                                                  84              .global _IO_BGR06
                                                  85              .global _IO_BGR07
                                                  86              .global _IO_IIC0
                                                  87              .global _IO_GCN10
                                                  88              .global _IO_GCN20
                                                  89              .global _IO_GCN11
                                                  90              .global _IO_GCN21
                                                  91              .global _IO_GCN12
                                                  92              .global _IO_GCN22
                                                  93              .global _IO_PTMR00
                                                  94              .global _IO_PCSR00
                                                  95              .global _IO_PDUT00
                                                  96              .global _IO_PCN00
                                                  97              .global _IO_PTMR01
                                                  98              .global _IO_PCSR01
                                                  99              .global _IO_PDUT01
                                                 100              .global _IO_PCN01
                                                 101              .global _IO_PTMR02
                                                 102              .global _IO_PCSR02
                                                 103              .global _IO_PDUT02
                                                 104              .global _IO_PCN02
                                                 105              .global _IO_PTMR03
                                                 106              .global _IO_PCSR03
                                                 107              .global _IO_PDUT03
                                                 108              .global _IO_PCN03
                                                 109              .global _IO_PTMR04
                                                 110              .global _IO_PCSR04
                                                 111              .global _IO_PDUT04
                                                 112              .global _IO_PCN04
                                                 113              .global _IO_PTMR05
                                                 114              .global _IO_PCSR05
                                                 115              .global _IO_PDUT05
                                                 116              .global _IO_PCN05
                                                 117              .global _IO_PTMR06
                                                 118              .global _IO_PCSR06
                                                 119              .global _IO_PDUT06
                                                 120              .global _IO_PCN06
                                                 121              .global _IO_PTMR07
                                                 122              .global _IO_PCSR07
                                                 123              .global _IO_PDUT07
                                                 124              .global _IO_PCN07
                                                 125              .global _IO_PTMR08
                                                 126              .global _IO_PCSR08
                                                 127              .global _IO_PDUT08
                                                 128              .global _IO_PCN08
                                                 129              .global _IO_PTMR09
                                                 130              .global _IO_PCSR09
                                                 131              .global _IO_PDUT09
                                                 132              .global _IO_PCN09
                                                 133              .global _IO_PTMR10
                                                 134              .global _IO_PCSR10
                                                 135              .global _IO_PDUT10
                                                 136              .global _IO_PCN10
                                                 137              .global _IO_PTMR11
_____________________________________________________________________________
FR Family SOFTUNE Assembler V60L09            2011-08-21 18:19:21   Page:   5
- SOURCE LISTING - ( dux_uart )

SN LOC      OBJ                           LLINE           SOURCE

                                                 138              .global _IO_PCSR11
                                                 139              .global _IO_PDUT11
                                                 140              .global _IO_PCN11
                                                 141              .global _IO_ICS01
                                                 142              .global _IO_ICS23
                                                 143              .global _IO_IPCP0
                                                 144              .global _IO_IPCP1
                                                 145              .global _IO_IPCP2
                                                 146              .global _IO_IPCP3
                                                 147              .global _IO_OCS01
                                                 148              .global _IO_OCS23
                                                 149              .global _IO_OCCP0
                                                 150              .global _IO_OCCP1
                                                 151              .global _IO_OCCP2
                                                 152              .global _IO_OCCP3
                                                 153              .global _IO_AD
                                                 154              .global _IO_TMRLR0
                                                 155              .global _IO_TMR0
                                                 156              .global _IO_TMCSR0
                                                 157              .global _IO_TMRLR1
                                                 158              .global _IO_TMR1
                                                 159              .global _IO_TMCSR1
                                                 160              .global _IO_TMRLR2
                                                 161              .global _IO_TMR2
                                                 162              .global _IO_TMCSR2
                                                 163              .global _IO_TMRLR3
                                                 164              .global _IO_TMR3
                                                 165              .global _IO_TMCSR3
                                                 166              .global _IO_TMRLR4
                                                 167              .global _IO_TMR4
                                                 168              .global _IO_TMCSR4
                                                 169              .global _IO_TMRLR5
                                                 170              .global _IO_TMR5
                                                 171              .global _IO_TMCSR5
                                                 172              .global _IO_TMRLR6
                                                 173              .global _IO_TMR6
                                                 174              .global _IO_TMCSR6
                                                 175              .global _IO_TMRLR7
                                                 176              .global _IO_TMR7
                                                 177              .global _IO_TMCSR7
                                                 178              .global _IO_TCDT0
                                                 179              .global _IO_TCCS0
                                                 180              .global _IO_TCDT1
                                                 181              .global _IO_TCCS1
                                                 182              .global _IO_TCDT2
                                                 183              .global _IO_TCCS2
                                                 184              .global _IO_TCDT3
                                                 185              .global _IO_TCCS3
                                                 186              .global _IO_DMACA0
                                                 187              .global _IO_DMACB0
                                                 188              .global _IO_DMACA1
                                                 189              .global _IO_DMACB1
                                                 190              .global _IO_DMACA2
                                                 191              .global _IO_DMACB2
_____________________________________________________________________________
FR Family SOFTUNE Assembler V60L09            2011-08-21 18:19:21   Page:   6
- SOURCE LISTING - ( dux_uart )

SN LOC      OBJ                           LLINE           SOURCE

                                                 192              .global _IO_DMACA3
                                                 193              .global _IO_DMACB3
                                                 194              .global _IO_DMACA4
                                                 195              .global _IO_DMACB4
                                                 196              .global _IO_DMACR
                                                 197              .global _IO_ICS45
                                                 198              .global _IO_ICS67
                                                 199              .global _IO_IPCP4
                                                 200              .global _IO_IPCP5
                                                 201              .global _IO_IPCP6
                                                 202              .global _IO_IPCP7
                                                 203              .global _IO_OCS45
                                                 204              .global _IO_OCCP4
                                                 205              .global _IO_OCCP5
                                                 206              .global _IO_TCDT4
                                                 207              .global _IO_TCCS4
                                                 208              .global _IO_TCDT5
                                                 209              .global _IO_TCCS5
                                                 210              .global _IO_TCDT6
                                                 211              .global _IO_TCCS6
                                                 212              .global _IO_TCDT7
                                                 213              .global _IO_TCCS7
                                                 214              .global _IO_ROMS
                                                 215              .global _IO_BSD0
                                                 216              .global _IO_BSD1
                                                 217              .global _IO_BSDC
                                                 218              .global _IO_BSRR
                                                 219              .global _IO_ICR
                                                 220              .global _IO_CLK
                                                 221              .global _IO_PLL
                                                 222              .global _IO_OSCC1
                                                 223              .global _IO_OSCS1
                                                 224              .global _IO_OSCC2
                                                 225              .global _IO_OSCS2
                                                 226              .global _IO_PORTEN
                                                 227              .global _IO_WT
                                                 228              .global _IO_CSS
                                                 229              .global _IO_CUSO
                                                 230              .global _IO_CM
                                                 231              .global _IO_CANPRE
                                                 232              .global _IO_CANCKD
                                                 233              .global _IO_LVD
                                                 234              .global _IO_OST
                                                 235              .global _IO_OSC
                                                 236              .global _IO_PLL2
                                                 237              .global _IO_IOS
                                                 238              .global _IO_PORT2
                                                 239              .global _IO_DMAD
                                                 240              .global _IO_FMCS
                                                 241              .global _IO_FMCR
                                                 242              .global _IO_FCHCR
                                                 243              .global _IO_FMWT
                                                 244              .global _IO_FMWT2
                                                 245              .global _IO_FMPS
_____________________________________________________________________________
FR Family SOFTUNE Assembler V60L09            2011-08-21 18:19:21   Page:   7
- SOURCE LISTING - ( dux_uart )

SN LOC      OBJ                           LLINE           SOURCE

                                                 246              .global _IO_FMAC
                                                 247              .global _IO_CAN0
                                                 248              .global _IO_CAN4
                                                 249              .global _IO_FxR_CIF
                                                 250              .global _IO_FxR_GIF1
                                                 251              .global _IO_FxR_INT
                                                 252              .global _IO_FxR_SUC1
                                                 253              .global _IO_FxR_NEMC
                                                 254              .global _IO_FxR_PRT
                                                 255              .global _IO_FxR_MHDC
                                                 256              .global _IO_FxR_GTU1
                                                 257              .global _IO_FxR_SUC2
                                                 258              .global _IO_FxR_GTU2
                                                 259              .global _IO_FxR_NMV
                                                 260              .global _IO_FxR_MHD
                                                 261              .global _IO_FxR_GIF2
                                                 262              .global _IO_FxR_WRDS
                                                 263              .global _IO_FxR_IBF
                                                 264              .global _IO_FxR_RDDS
                                                 265              .global _IO_FxR_OBF
                                                 266              .global __ptr_file
DA 00000000 -----------<DATA>------------        267              .section        DATA, DATA, align
                                                          =4
DA 00000000 - 00000000 [0] < [1]                 268              .align  1
DA 00000000                                      269      LI_11:
DA 00000000 [14]B                                270              .res.b  14
DA 0000000E                                      271      LI_12:
DA 0000000E [300]B                               272              .res.b  300
CO 00000000 -----------<CONST>-----------        273              .section        CONST, CONST, ali
                                                          gn=4
CO 00000000 - 00000000 [0] < [4]                 274              .align  4
CO 00000000                                      275      LS_10:
CO 00000000 1B 5B 30 6D 00                       276              .ascii  "\033[0m\000"
CO 00000005 [3] 00                               277              .datab.b        3,0
CO 00000008                                      278      LS_9:
CO 00000008 1B 5B 30 3B 33 37 6D 00              279              .ascii  "\033[0;37m\000"
CO 00000010                                      280      LS_8:
CO 00000010 1B 5B 30 3B 33 30 6D 00              281              .ascii  "\033[0;30m\000"
CO 00000018                                      282      LS_7:
CO 00000018 1B 5B 30 3B 33 36 6D 00              283              .ascii  "\033[0;36m\000"
CO 00000020                                      284      LS_6:
CO 00000020 1B 5B 30 3B 33 35 6D 00              285              .ascii  "\033[0;35m\000"
CO 00000028                                      286      LS_5:
CO 00000028 1B 5B 30 3B 33 34 6D 00              287              .ascii  "\033[0;34m\000"
CO 00000030                                      288      LS_4:
CO 00000030 1B 5B 30 3B 33 33 6D 00              289              .ascii  "\033[0;33m\000"
CO 00000038                                      290      LS_3:
CO 00000038 1B 5B 30 3B 33 32 6D 00              291              .ascii  "\033[0;32m\000"
CO 00000040                                      292      LS_2:
CO 00000040 1B 5B 30 3B 33 31 6D 00              293              .ascii  "\033[0;31m\000"
CO 00000048                                      294      LS_1:
CO 00000048 1B 5B 25 64 3B 25 64 66 00           295              .ascii  "\033[%d;%df\000"
CO 00000051 [3] 00                               296              .datab.b        3,0
CO 00000054                                      297      LS_0:
_____________________________________________________________________________
FR Family SOFTUNE Assembler V60L09            2011-08-21 18:19:21   Page:   8
- SOURCE LISTING - ( dux_uart )

SN LOC      OBJ                           LLINE           SOURCE

CO 00000054 1B 5B 32 4A 00                       298              .ascii  "\033[2J\000"
CO 00000059 [3] 00                               299              .datab.b        3,0
                                                 300              .global _strlen
                                                 301              .global _vsprintf
                                                 302              .global _sprintf
CO 00000000 -----------<CODE>------------        303              .section        CODE, CODE, align
                                                          =2
                                                 304              .global _DUXUartInit
                                                 305              ._SYMBOL        "DUXUartInit", F,
                                                           0x8000000f, E, "_DUXUartInit", F
                                                 306              ._FPARAM        S, 0, F
                                                 307              ._FPARAM        E
                                                 308              ._CONFIG        S, F, 1
                                                 309              ._LINE  0, 42
CO 00000000                                      310      _DUXUartInit:
CO 00000000                                      311      L_20:
CO 00000000 1781                                 312              ST      RP,@-SP
CO 00000002 0F01                                 313              ENTER   #4
                                                 314      ;-------end_of_no_optimize_block
                                                 315              ._FUNCTION      "fp", "fp", 16
                                                 316              ._CONFIG        S, B
CO 00000004                                      317      L_21:                           // Pred:
                                                          L_20
                                                 318              ._LINE  0, 44
CO 00000004 9B030000                  I          319              LDI:20  #_IO_LVD+3,R3
                                                 320   x          BAND    #0xF7,@R3
CO 00000008 8073                                       O  "BANDL"
                                                 321              ._LINE  0, 45
CO 0000000A 9B0D09C3                             322              LDI     #2499,R13
CO 0000000E 1900                      I          323              DMOVH   R13,@_IO_BGR04  ; _IO_BGR
                                                          04
                                                 324              ._LINE  0, 48
CO 00000010 C17D                                 325              LDI     #23,R13
CO 00000012 1A00                      I          326              DMOVB   R13,@_IO_SCR04  ; _IO_SCR
                                                          04
                                                 327              ._LINE  0, 49
CO 00000014 C0DD                                 328              LDI     #13,R13
CO 00000016 1A00                      I          329              DMOVB   R13,@_IO_SMR04  ; _IO_SMR
                                                          04
                                                 330              ._LINE  0, 50
CO 00000018 C000                                 331              LDI     #0,R0
CO 0000001A 8B0D                                 332              MOV     R0,R13
CO 0000001C 1A00                      I          333              DMOVB   R13,@_IO_SSR04  ; _IO_SSR
                                                          04
                                                 334              ._LINE  0, 52
CO 0000001E 9B040000                  I          335              LDI:20  #_IO_PORT2+147,R4
CO 00000022 0642                                 336              LDUB    @R4,R2  ; _IO_PORT2
CO 00000024 CFC1                                 337              LDI     #252,R1
CO 00000026 8212                                 338              AND     R1,R2
CO 00000028 C031                                 339              LDI     #3,R1
CO 0000002A 9212                                 340              OR      R1,R2
CO 0000002C 1642                                 341              STB     R2,@R4  ; _IO_PORT2
                                                 342              ._LINE  0, 53
CO 0000002E 9B010000                  I          343              LDI:20  #_IO_PORT2+211,R1
_____________________________________________________________________________
FR Family SOFTUNE Assembler V60L09            2011-08-21 18:19:21   Page:   9
- SOURCE LISTING - ( dux_uart )

SN LOC      OBJ                           LLINE           SOURCE

CO 00000032 1610                                 344              STB     R0,@R1  ; _IO_PORT2
                                                 345              ._LINE  0, 55
                                                 346   x          BAND    #0xF7,@R3
CO 00000034 8073                                       O  "BANDL"
CO 00000036                                      347      L_22:                           // Pred:
                                                          L_21
                                                 348              ._LINE  0, 55
                                                 349              ._CONFIG        E
                                                 350              ._LINE  0, 56
CO 00000036 9F90                                 351              LEAVE
CO 00000038 0781                                 352              LD      @SP+,RP
CO 0000003A 9720                                 353              RET
                                                 354              ._CONFIG        E
                                                 355              .global _DUXClearTerminal
                                                 356              ._SYMBOL        "DUXClearTerminal
                                                          ", F, 0x8000000f, E, "_DUXClearTerminal",
                                                           F
                                                 357              ._FPARAM        S, 0, F
                                                 358              ._FPARAM        E
                                                 359              ._CONFIG        S, F, 1
                                                 360              ._LINE  0, 60
CO 0000003C                                      361      _DUXClearTerminal:
CO 0000003C                                      362      L_23:
CO 0000003C 1781                                 363              ST      RP,@-SP
CO 0000003E 0F01                                 364              ENTER   #4
                                                 365      ;-------end_of_no_optimize_block
                                                 366              ._FUNCTION      "fp", "fp", 16
                                                 367              ._CONFIG        S, B
CO 00000040                                      368      L_24:                           // Pred:
                                                          L_23
                                                 369              ._LINE  0, 61
CO 00000040 9B000000                  I          370              LDI:20  #_IO_LVD+3,R0
                                                 371   x          BAND    #0xF7,@R0
CO 00000044 8070                                       O  "BANDL"
                                                 372              ._LINE  0, 62
CO 00000046 9B040000                  R          373              LDI:20  #LS_0,R4
                                                 374   x          CALL20  __DUXPutString,R12
CO 0000004A D07A                                       O  "CALL"
CO 0000004C                                      375      L_25:                           // Pred:
                                                          L_24
                                                 376              ._LINE  0, 62
                                                 377              ._CONFIG        E
                                                 378              ._LINE  0, 63
CO 0000004C 9F90                                 379              LEAVE
CO 0000004E 0781                                 380              LD      @SP+,RP
CO 00000050 9720                                 381              RET
                                                 382              ._CONFIG        E
                                                 383              .global _DUXPrintTerminal
                                                 384              ._SYMBOL        "DUXPrintTerminal
                                                          ", F, 0x8000000f, E, "_DUXPrintTerminal",
                                                           F
                                                 385              ._FPARAM        S, 4, V
                                                 386              ._SYMBOL        "text", P, 0x8000
                                                          000e, A, 8
_____________________________________________________________________________
FR Family SOFTUNE Assembler V60L09            2011-08-21 18:19:21   Page:  10
- SOURCE LISTING - ( dux_uart )

SN LOC      OBJ                           LLINE           SOURCE

                                                 387              ._POINTER       1
                                                 388              ._TYPED C
                                                 389              ._SYMBOL        "color", P, 0x800
                                                          00002, A, 15
                                                 390              ._SYMBOL        "row", P, 0x80000
                                                          002, A, 19
                                                 391              ._SYMBOL        "col", P, 0x80000
                                                          002, A, 23
                                                 392              ._FPARAM        E
                                                 393              ._CONFIG        S, F, 1
                                                 394              ._LINE  0, 67
CO 00000052                                      395      _DUXPrintTerminal:
CO 00000052                                      396      L_26:
CO 00000052 8E0F                                 397              STM     (R4,R5,R6,R7)
CO 00000054 1781                                 398              ST      RP,@-SP
CO 00000056 0F02                                 399              ENTER   #8
CO 00000058 8FE0                                 400              STM     (R8,R9,R10)
                                                 401      ;-------end_of_no_optimize_block
                                                 402              ._FUNCTION      "fp", "fp", 48
                                                 403              ._CONFIG        S, B
                                                 404              ._SYMBOL        "buffer", V, 0x80
                                                          00000e, S, "LI_12"
                                                 405              ._ARRAY 1, 1, 299, 0
                                                 406              ._SYMBOL        "posBuffer", V, 0
                                                          x8000000e, S, "LI_11"
                                                 407              ._ARRAY 1, 1, 13, 0
                                                 408              ._SYMBOL        "args", V, 0x8000
                                                          000e, A, -4
                                                 409              ._POINTER       1
CO 0000005A                                      410      L_27:                           // Pred:
                                                          L_26
                                                 411              ._LINE  0, 69
                                                 412              ._LINE  0, 73
CO 0000005A 9B090000                  I          413              LDI:20  #_IO_LVD+3,R9
                                                 414   x          BAND    #0xF7,@R9
CO 0000005E 8079                                       O  "BANDL"
                                                 415              ._LINE  0, 74
CO 00000060 6130                                 416              LDUB    @(FP,19),R0     ; _row
CO 00000062 A800                                 417              CMP     #0,R0
                                                 418   x          BLE20   L_29,R12
CO 00000064 EC0F                                       O  "BLE"
CO 00000066                                      419      L_30:                           // Pred:
                                                          L_27
                                                 420              ._LINE  0, 74
CO 00000066 6170                                 421              LDUB    @(FP,23),R0     ; _col
CO 00000068 A800                                 422              CMP     #0,R0
                                                 423   x          BLE20   L_29,R12
CO 0000006A EC0C                                       O  "BLE"
CO 0000006C                                      424      L_28:                           // Pred:
                                                          L_30
                                                 425              ._LINE  0, 74
                                                 426              ._LINE  0, 75
CO 0000006C 9B0A0000                  R          427              LDI:20  #LI_11,R10
CO 00000070 9B050000                  R          428              LDI:20  #LS_1,R5
_____________________________________________________________________________
FR Family SOFTUNE Assembler V60L09            2011-08-21 18:19:21   Page:  11
- SOURCE LISTING - ( dux_uart )

SN LOC      OBJ                           LLINE           SOURCE

CO 00000074 6136                                 429              LDUB    @(FP,19),R6     ; _row
CO 00000076 6177                                 430              LDUB    @(FP,23),R7     ; _col
CO 00000078 8BA4                                 431              MOV     R10,R4
                                                 432   x          CALL20  _sprintf,R12
CO 0000007A 9B0C0000                  I                O  "LDI:20"
CO 0000007E 971C                                       O  "CALL"
                                                 433              ._LINE  0, 76
CO 00000080 8BA4                                 434              MOV     R10,R4
                                                 435   x          CALL20  __DUXPutString,R12
CO 00000082 D05E                                       O  "CALL"
                                                 436              ._LINE  0, 77
CO 00000084                                      437      L_29:                           // Pred:
                                                          L_28 L_30 L_27
                                                 438              ._LINE  0, 78
CO 00000084 60F0                                 439              LDUB    @(FP,15),R0     ; _color
CO 00000086 A810                                 440              CMP     #1,R0
                                                 441   x          BNE20   L_32,R12
CO 00000088 E304                                       O  "BNE"
CO 0000008A                                      442      L_31:                           // Pred:
                                                          L_29
                                                 443              ._LINE  0, 78
                                                 444              ._LINE  0, 79
CO 0000008A 9B040000                  R          445              LDI:20  #LS_2,R4
                                                 446   x          CALL20  __DUXPutString,R12
CO 0000008E D058                                       O  "CALL"
                                                 447              ._LINE  0, 80
                                                 448   x          BRA20   L_33,R12
CO 00000090 E02D                                       O  "BRA"
CO 00000092                                      449      L_32:                           // Pred:
                                                          L_29
                                                 450              ._LINE  0, 80
CO 00000092 60F0                                 451              LDUB    @(FP,15),R0     ; _color
CO 00000094 A820                                 452              CMP     #2,R0
                                                 453   x          BNE20   L_35,R12
CO 00000096 E304                                       O  "BNE"
CO 00000098                                      454      L_34:                           // Pred:
                                                          L_32
                                                 455              ._LINE  0, 80
                                                 456              ._LINE  0, 81
CO 00000098 9B040000                  R          457              LDI:20  #LS_3,R4
                                                 458   x          CALL20  __DUXPutString,R12
CO 0000009C D051                                       O  "CALL"
                                                 459              ._LINE  0, 82
                                                 460   x          BRA20   L_33,R12
CO 0000009E E026                                       O  "BRA"
CO 000000A0                                      461      L_35:                           // Pred:
                                                          L_32
                                                 462              ._LINE  0, 82
CO 000000A0 60F0                                 463              LDUB    @(FP,15),R0     ; _color
CO 000000A2 A830                                 464              CMP     #3,R0
                                                 465   x          BNE20   L_38,R12
CO 000000A4 E304                                       O  "BNE"
CO 000000A6                                      466      L_37:                           // Pred:
                                                          L_35
_____________________________________________________________________________
FR Family SOFTUNE Assembler V60L09            2011-08-21 18:19:21   Page:  12
- SOURCE LISTING - ( dux_uart )

SN LOC      OBJ                           LLINE           SOURCE

                                                 467              ._LINE  0, 82
                                                 468              ._LINE  0, 83
CO 000000A6 9B040000                  R          469              LDI:20  #LS_4,R4
                                                 470   x          CALL20  __DUXPutString,R12
CO 000000AA D04A                                       O  "CALL"
                                                 471              ._LINE  0, 84
                                                 472   x          BRA20   L_33,R12
CO 000000AC E01F                                       O  "BRA"
CO 000000AE                                      473      L_38:                           // Pred:
                                                          L_35
                                                 474              ._LINE  0, 84
CO 000000AE 60F0                                 475              LDUB    @(FP,15),R0     ; _color
CO 000000B0 A840                                 476              CMP     #4,R0
                                                 477   x          BNE20   L_41,R12
CO 000000B2 E304                                       O  "BNE"
CO 000000B4                                      478      L_40:                           // Pred:
                                                          L_38
                                                 479              ._LINE  0, 84
                                                 480              ._LINE  0, 85
CO 000000B4 9B040000                  R          481              LDI:20  #LS_5,R4
                                                 482   x          CALL20  __DUXPutString,R12
CO 000000B8 D043                                       O  "CALL"
                                                 483              ._LINE  0, 86
                                                 484   x          BRA20   L_33,R12
CO 000000BA E018                                       O  "BRA"
CO 000000BC                                      485      L_41:                           // Pred:
                                                          L_38
                                                 486              ._LINE  0, 86
CO 000000BC 60F0                                 487              LDUB    @(FP,15),R0     ; _color
CO 000000BE A850                                 488              CMP     #5,R0
                                                 489   x          BNE20   L_44,R12
CO 000000C0 E304                                       O  "BNE"
CO 000000C2                                      490      L_43:                           // Pred:
                                                          L_41
                                                 491              ._LINE  0, 86
                                                 492              ._LINE  0, 87
CO 000000C2 9B040000                  R          493              LDI:20  #LS_6,R4
                                                 494   x          CALL20  __DUXPutString,R12
CO 000000C6 D03C                                       O  "CALL"
                                                 495              ._LINE  0, 88
                                                 496   x          BRA20   L_33,R12
CO 000000C8 E011                                       O  "BRA"
CO 000000CA                                      497      L_44:                           // Pred:
                                                          L_41
                                                 498              ._LINE  0, 88
CO 000000CA 60F0                                 499              LDUB    @(FP,15),R0     ; _color
CO 000000CC A860                                 500              CMP     #6,R0
                                                 501   x          BNE20   L_47,R12
CO 000000CE E304                                       O  "BNE"
CO 000000D0                                      502      L_46:                           // Pred:
                                                          L_44
                                                 503              ._LINE  0, 88
                                                 504              ._LINE  0, 89
CO 000000D0 9B040000                  R          505              LDI:20  #LS_7,R4
_____________________________________________________________________________
FR Family SOFTUNE Assembler V60L09            2011-08-21 18:19:21   Page:  13
- SOURCE LISTING - ( dux_uart )

SN LOC      OBJ                           LLINE           SOURCE

                                                 506   x          CALL20  __DUXPutString,R12
CO 000000D4 D035                                       O  "CALL"
                                                 507              ._LINE  0, 90
                                                 508   x          BRA20   L_33,R12
CO 000000D6 E00A                                       O  "BRA"
CO 000000D8                                      509      L_47:                           // Pred:
                                                          L_44
                                                 510              ._LINE  0, 90
CO 000000D8 60F0                                 511              LDUB    @(FP,15),R0     ; _color
CO 000000DA A870                                 512              CMP     #7,R0
                                                 513   x          BNE20   L_50,R12
CO 000000DC E304                                       O  "BNE"
CO 000000DE                                      514      L_49:                           // Pred:
                                                          L_47
                                                 515              ._LINE  0, 90
                                                 516              ._LINE  0, 91
CO 000000DE 9B040000                  R          517              LDI:20  #LS_8,R4
                                                 518   x          CALL20  __DUXPutString,R12
CO 000000E2 D02E                                       O  "CALL"
                                                 519              ._LINE  0, 92
                                                 520   x          BRA20   L_33,R12
CO 000000E4 E003                                       O  "BRA"
CO 000000E6                                      521      L_50:                           // Pred:
                                                          L_47
                                                 522              ._LINE  0, 92
                                                 523              ._LINE  0, 93
CO 000000E6 9B040000                  R          524              LDI:20  #LS_9,R4
                                                 525   x          CALL20  __DUXPutString,R12
CO 000000EA D02A                                       O  "CALL"
                                                 526              ._LINE  0, 94
CO 000000EC                                      527      L_33:                           // Pred:
                                                          L_50 L_49 L_46 L_43
                                                 528                                      //
                                                          L_40 L_37 L_34 L_31
                                                 529              ._LINE  0, 95
                                                 530   x          BAND    #0xF7,@R9
CO 000000EC 8079                                       O  "BANDL"
                                                 531              ._LINE  0, 96
CO 000000EE C171                                 532              LDI     #23,R1
CO 000000F0 8BE0                                 533              MOV     FP,R0
CO 000000F2 A210                                 534              ADDN    R1,R0
CO 000000F4 A040                                 535              ADDN    #4,R0
CO 000000F6 3FF0                                 536              ST      R0,@(FP,-4)     ; _args
                                                 537              ._LINE  0, 97
CO 000000F8 9B080000                  R          538              LDI:20  #LI_12,R8
CO 000000FC 2025                                 539              LD      @(FP,8),R5      ; _text
CO 000000FE 2FF6                                 540              LD      @(FP,-4),R6     ; _args
CO 00000100 8B84                                 541              MOV     R8,R4
                                                 542   x          CALL20  _vsprintf,R12
CO 00000102 9B0C0000                  I                O  "LDI:20"
CO 00000106 971C                                       O  "CALL"
                                                 543              ._LINE  0, 98
                                                 544              ._LINE  0, 99
                                                 545   x          BAND    #0xF7,@R9
_____________________________________________________________________________
FR Family SOFTUNE Assembler V60L09            2011-08-21 18:19:21   Page:  14
- SOURCE LISTING - ( dux_uart )

SN LOC      OBJ                           LLINE           SOURCE

CO 00000108 8079                                       O  "BANDL"
                                                 546              ._LINE  0, 100
CO 0000010A 8B84                                 547              MOV     R8,R4
                                                 548   x          CALL20  __DUXPutString,R12
CO 0000010C D019                                       O  "CALL"
                                                 549              ._LINE  0, 101
CO 0000010E 9B040000                  R          550              LDI:20  #LS_10,R4
                                                 551   x          CALL20  __DUXPutString,R12
CO 00000112 D016                                       O  "CALL"
CO 00000114                                      552      L_52:                           // Pred:
                                                          L_33
                                                 553              ._LINE  0, 101
                                                 554              ._CONFIG        E
                                                 555              ._LINE  0, 102
CO 00000114 8D07                                 556              LDM     (R8,R9,R10)
CO 00000116 9F90                                 557              LEAVE
CO 00000118 0781                                 558              LD      @SP+,RP
CO 0000011A A304                                 559              ADDSP   #16
CO 0000011C 9720                                 560              RET
                                                 561              ._CONFIG        E
                                                 562              ._SYMBOL        "_DUXPutCharacter
                                                          ", F, 0x8000000f, S, "__DUXPutCharacter",
                                                           F
                                                 563              ._FPARAM        S, 1, F
                                                 564              ._SYMBOL        "ch", P, 0x800000
                                                          0e, A, 11
                                                 565              ._FPARAM        E
                                                 566              ._CONFIG        S, F, 1
                                                 567              ._LINE  0, 110
CO 0000011E                                      568      __DUXPutCharacter:
CO 0000011E                                      569      L_69:
CO 0000011E 1704                                 570              ST      R4,@-SP
CO 00000120 1781                                 571              ST      RP,@-SP
CO 00000122 0F01                                 572              ENTER   #4
                                                 573      ;-------end_of_no_optimize_block
                                                 574              ._FUNCTION      "fp", "fp", 40
                                                 575              ._CONFIG        S, B
CO 00000124                                      576      L_70:                           // Pred:
                                                          L_69
                                                 577              ._LINE  0, 112
CO 00000124 9B000000                  I          578              LDI:20  #_IO_SSR04,R0
CO 00000128 9B010000                  I          579              LDI:20  #_IO_LVD+3,R1
CO 0000012C                                      580      L_71:                           // Pred:
                                                          L_72 L_70
                                                 581              ._LINE  0, 112
CO 0000012C 8880                                 582              BTSTL   #0x8,@R0
                                                 583   x          BNE20   L_73,R12
CO 0000012E E302                                       O  "BNE"
CO 00000130                                      584      L_72:                           // Pred:
                                                          L_71
                                                 585              ._LINE  0, 112
                                                 586   x          BAND    #0xF7,@R1
CO 00000130 8071                                       O  "BANDL"
                                                 587   x          BRA20   L_71,R12
_____________________________________________________________________________
FR Family SOFTUNE Assembler V60L09            2011-08-21 18:19:21   Page:  15
- SOURCE LISTING - ( dux_uart )

SN LOC      OBJ                           LLINE           SOURCE

CO 00000132 E0FC                                       O  "BRA"
CO 00000134                                      588      L_73:                           // Pred:
                                                          L_71
                                                 589              ._LINE  0, 113
CO 00000134 60BD                                 590              LDUB    @(FP,11),R13    ; _ch
CO 00000136 1A00                      I          591              DMOVB   R13,@_IO_RDR04  ; _IO_RDR
                                                          04
CO 00000138                                      592      L_74:                           // Pred:
                                                          L_73
                                                 593              ._LINE  0, 113
                                                 594              ._CONFIG        E
                                                 595              ._LINE  0, 114
CO 00000138 9F90                                 596              LEAVE
CO 0000013A 0781                                 597              LD      @SP+,RP
CO 0000013C A301                                 598              ADDSP   #4
CO 0000013E 9720                                 599              RET
                                                 600              ._CONFIG        E
                                                 601              ._SYMBOL        "_DUXPutString",
                                                          F, 0x8000000f, S, "__DUXPutString", F
                                                 602              ._FPARAM        S, 1, F
                                                 603              ._SYMBOL        "text", P, 0x8000
                                                          000e, A, 8
                                                 604              ._POINTER       1
                                                 605              ._TYPED C
                                                 606              ._FPARAM        E
                                                 607              ._CONFIG        S, F, 1
                                                 608              ._LINE  0, 118
CO 00000140                                      609      __DUXPutString:
CO 00000140                                      610      L_75:
CO 00000140 1704                                 611              ST      R4,@-SP
CO 00000142 1781                                 612              ST      RP,@-SP
CO 00000144 0F03                                 613              ENTER   #12
CO 00000146 8FC0                                 614              STM     (R8,R9)
                                                 615      ;-------end_of_no_optimize_block
                                                 616              ._FUNCTION      "fp", "fp", 48
                                                 617              ._CONFIG        S, B
                                                 618              ._SYMBOL        "i", V, 0x8000000
                                                          5, A, -8
                                                 619              ._TYPED V
                                                 620              ._SYMBOL        "len", V, 0x80000
                                                          005, A, -4
                                                 621              ._TYPED V
CO 00000148                                      622      L_76:                           // Pred:
                                                          L_75
                                                 623              ._LINE  0, 120
                                                 624              ._LINE  0, 121
CO 00000148 2024                                 625              LD      @(FP,8),R4      ; _text
                                                 626   x          CALL20  _strlen,R12
CO 0000014A 9B0C0000                  I                O  "LDI:20"
CO 0000014E 971C                                       O  "CALL"
CO 00000150 3FF4                                 627              ST      R4,@(FP,-4)     ; _len
                                                 628              ._LINE  0, 122
CO 00000152 C000                                 629              LDI     #0,R0
CO 00000154 3FE0                                 630              ST      R0,@(FP,-8)     ; _i
_____________________________________________________________________________
FR Family SOFTUNE Assembler V60L09            2011-08-21 18:19:21   Page:  16
- SOURCE LISTING - ( dux_uart )

SN LOC      OBJ                           LLINE           SOURCE

CO 00000156 9B080000                  I          631              LDI:20  #_IO_LVD+3,R8
CO 0000015A                                      632      L_77:                           // Pred:
                                                          L_80 L_76
                                                 633              ._LINE  0, 122
CO 0000015A 2FE9                                 634              LD      @(FP,-8),R9     ; _i
CO 0000015C 2024                                 635              LD      @(FP,8),R4      ; _text
                                                 636   x          CALL20  _strlen,R12
CO 0000015E 9B0C0000                  I                O  "LDI:20"
CO 00000162 971C                                       O  "CALL"
CO 00000164 AA49                                 637              CMP     R4,R9
                                                 638   x          BNC20   L_81,R12
CO 00000166 E510                                       O  "BNC"
CO 00000168                                      639      L_78:                           // Pred:
                                                          L_77
                                                 640              ._LINE  0, 123
                                                 641              ._LINE  0, 124
                                                 642   x          BAND    #0xF7,@R8
CO 00000168 8078                                       O  "BANDL"
                                                 643              ._LINE  0, 125
CO 0000016A 2FED                                 644              LD      @(FP,-8),R13    ; _i
CO 0000016C 2020                                 645              LD      @(FP,8),R0      ; _text
CO 0000016E 0200                                 646              LDUB    @(R0,R13),R0
CO 00000170 A8A0                                 647              CMP     #10,R0
                                                 648   x          BNE20   L_80,R12
CO 00000172 E302                                       O  "BNE"
CO 00000174                                      649      L_79:                           // Pred:
                                                          L_78
                                                 650              ._LINE  0, 125
CO 00000174 C0D4                                 651              LDI     #13,R4
                                                 652   x          CALL20  __DUXPutCharacter,R12
CO 00000176 D7D3                                       O  "CALL"
CO 00000178                                      653      L_80:                           // Pred:
                                                          L_79 L_78
                                                 654              ._LINE  0, 126
CO 00000178 2FED                                 655              LD      @(FP,-8),R13    ; _i
CO 0000017A 2020                                 656              LD      @(FP,8),R0      ; _text
CO 0000017C 0204                                 657              LDUB    @(R0,R13),R4
                                                 658   x          CALL20  __DUXPutCharacter,R12
CO 0000017E D7CF                                       O  "CALL"
                                                 659              ._LINE  0, 127
CO 00000180 2FE0                                 660              LD      @(FP,-8),R0     ; _i
CO 00000182 A010                                 661              ADDN    #1,R0
CO 00000184 3FE0                                 662              ST      R0,@(FP,-8)     ; _i
                                                 663   x          BRA20   L_77,R12
CO 00000186 E0E9                                       O  "BRA"
CO 00000188                                      664      L_81:                           // Pred:
                                                          L_77
                                                 665              ._LINE  0, 127
CO 00000188                                      666      L_82:                           // Pred:
                                                          L_81
                                                 667              ._LINE  0, 127
                                                 668              ._CONFIG        E
                                                 669              ._LINE  0, 128
CO 00000188 8D03                                 670              LDM     (R8,R9)
_____________________________________________________________________________
FR Family SOFTUNE Assembler V60L09            2011-08-21 18:19:21   Page:  17
- SOURCE LISTING - ( dux_uart )

SN LOC      OBJ                           LLINE           SOURCE

CO 0000018A 9F90                                 671              LEAVE
CO 0000018C 0781                                 672              LD      @SP+,RP
CO 0000018E A301                                 673              ADDSP   #4
CO 00000190 9720                                 674              RET
                                                 675              ._CONFIG        E
            ==                                   676              .end
_____________________________________________________________________________
FR Family SOFTUNE Assembler V60L09            2011-08-21 18:19:21   Page:  18
- SECTION LISTING - ( dux_uart )

   NO SECTION-NAME                        SIZE   ATTRIBUTES

    0 DATA . . . . . . . . . . . . . .  0000013A DATA    REL ALIGN=4
    1 CONST  . . . . . . . . . . . . .  0000005C CONST   REL ALIGN=4
    2 CODE . . . . . . . . . . . . . .  00000192 CODE    REL ALIGN=2
